

================================================================
== Vitis HLS Report for 'convolution'
================================================================
* Date:           Thu May  4 22:17:06 2023

* Version:        2022.1.2 (Build 3605665 on Fri Aug  5 22:52:02 MDT 2022)
* Project:        proj
* Solution:       solution1 (Vivado IP Flow Target)
* Product family: zynq
* Target device:  xc7z020-clg400-1


================================================================
== Performance Estimates
================================================================
+ Timing: 
    * Summary: 
    +--------+----------+----------+------------+
    |  Clock |  Target  | Estimated| Uncertainty|
    +--------+----------+----------+------------+
    |ap_clk  |  10.00 ns|  7.300 ns|     2.70 ns|
    +--------+----------+----------+------------+

+ Latency: 
    * Summary: 
    +---------+---------+-----------+-----------+------+------+---------+
    |  Latency (cycles) |   Latency (absolute)  |   Interval  | Pipeline|
    |   min   |   max   |    min    |    max    |  min |  max |   Type  |
    +---------+---------+-----------+-----------+------+------+---------+
    |     2001|     2001|  20.010 us|  20.010 us|  2002|  2002|       no|
    +---------+---------+-----------+-----------+------+------+---------+

    + Detail: 
        * Instance: 
        +----------------------------+-----------------+---------+---------+-----------+-----------+-----+-----+---------+
        |                            |                 |  Latency (cycles) |   Latency (absolute)  |  Interval | Pipeline|
        |          Instance          |      Module     |   min   |   max   |    min    |    max    | min | max |   Type  |
        +----------------------------+-----------------+---------+---------+-----------+-----------+-----+-----+---------+
        |grp_read_data_DRAM_fu_584   |read_data_DRAM   |      128|      128|   1.280 us|   1.280 us|   11|   11|      yes|
        |grp_write_data_DRAM_fu_602  |write_data_DRAM  |        9|        9|  90.000 ns|  90.000 ns|    3|    3|      yes|
        +----------------------------+-----------------+---------+---------+-----------+-----------+-----+-----+---------+

        * Loop: 
        +------------------+---------+---------+----------+-----------+-----------+------+----------+
        |                  |  Latency (cycles) | Iteration|  Initiation Interval  | Trip |          |
        |     Loop Name    |   min   |   max   |  Latency |  achieved |   target  | Count| Pipelined|
        +------------------+---------+---------+----------+-----------+-----------+------+----------+
        |- ITERATION_LOOP  |     1999|     1999|       180|        130|          1|    15|       yes|
        +------------------+---------+---------+----------+-----------+-----------+------+----------+



================================================================
== Utilization Estimates
================================================================
* Summary: 
+-----------------+---------+-----+--------+-------+-----+
|       Name      | BRAM_18K| DSP |   FF   |  LUT  | URAM|
+-----------------+---------+-----+--------+-------+-----+
|DSP              |        -|    -|       -|      -|    -|
|Expression       |        -|    -|       0|   3298|    -|
|FIFO             |        -|    -|     594|    408|    -|
|Instance         |        0|   36|   52089|  38618|    -|
|Memory           |        0|    -|     192|     15|    0|
|Multiplexer      |        -|    -|       -|   1701|    -|
|Register         |        -|    -|    5905|      -|    -|
+-----------------+---------+-----+--------+-------+-----+
|Total            |        0|   36|   58780|  44040|    0|
+-----------------+---------+-----+--------+-------+-----+
|Available        |      280|  220|  106400|  53200|    0|
+-----------------+---------+-----+--------+-------+-----+
|Utilization (%)  |        0|   16|      55|     82|    0|
+-----------------+---------+-----+--------+-------+-----+

+ Detail: 
    * Instance: 
    +----------------------------+----------------------+---------+----+-------+------+-----+
    |          Instance          |        Module        | BRAM_18K| DSP|   FF  |  LUT | URAM|
    +----------------------------+----------------------+---------+----+-------+------+-----+
    |control_s_axi_U             |control_s_axi         |        0|   0|    246|   424|    0|
    |ifm_m_axi_U                 |ifm_m_axi             |        0|   0|    718|  1318|    0|
    |mul_32s_32s_32_2_1_U47      |mul_32s_32s_32_2_1    |        0|   3|    165|    50|    0|
    |mul_32s_32s_32_2_1_U51      |mul_32s_32s_32_2_1    |        0|   3|    165|    50|    0|
    |mul_32s_32s_32_2_1_U55      |mul_32s_32s_32_2_1    |        0|   3|    165|    50|    0|
    |mul_32s_32s_32_2_1_U59      |mul_32s_32s_32_2_1    |        0|   3|    165|    50|    0|
    |mul_32s_32s_32_2_1_U63      |mul_32s_32s_32_2_1    |        0|   3|    165|    50|    0|
    |mul_32s_32s_32_2_1_U66      |mul_32s_32s_32_2_1    |        0|   3|    165|    50|    0|
    |mul_32s_32s_32_2_1_U69      |mul_32s_32s_32_2_1    |        0|   3|    165|    50|    0|
    |mul_32s_32s_32_2_1_U72      |mul_32s_32s_32_2_1    |        0|   3|    165|    50|    0|
    |mul_32s_32s_32_2_1_U75      |mul_32s_32s_32_2_1    |        0|   3|    165|    50|    0|
    |mux_332_32_1_1_U44          |mux_332_32_1_1        |        0|   0|      0|    14|    0|
    |mux_332_32_1_1_U45          |mux_332_32_1_1        |        0|   0|      0|    14|    0|
    |mux_332_32_1_1_U48          |mux_332_32_1_1        |        0|   0|      0|    14|    0|
    |mux_332_32_1_1_U49          |mux_332_32_1_1        |        0|   0|      0|    14|    0|
    |mux_332_32_1_1_U52          |mux_332_32_1_1        |        0|   0|      0|    14|    0|
    |mux_332_32_1_1_U53          |mux_332_32_1_1        |        0|   0|      0|    14|    0|
    |mux_332_32_1_1_U56          |mux_332_32_1_1        |        0|   0|      0|    14|    0|
    |mux_332_32_1_1_U57          |mux_332_32_1_1        |        0|   0|      0|    14|    0|
    |mux_332_32_1_1_U60          |mux_332_32_1_1        |        0|   0|      0|    14|    0|
    |mux_332_32_1_1_U61          |mux_332_32_1_1        |        0|   0|      0|    14|    0|
    |mux_332_32_1_1_U64          |mux_332_32_1_1        |        0|   0|      0|    14|    0|
    |mux_332_32_1_1_U65          |mux_332_32_1_1        |        0|   0|      0|    14|    0|
    |mux_332_32_1_1_U67          |mux_332_32_1_1        |        0|   0|      0|    14|    0|
    |mux_332_32_1_1_U68          |mux_332_32_1_1        |        0|   0|      0|    14|    0|
    |mux_332_32_1_1_U70          |mux_332_32_1_1        |        0|   0|      0|    14|    0|
    |mux_332_32_1_1_U71          |mux_332_32_1_1        |        0|   0|      0|    14|    0|
    |mux_332_32_1_1_U73          |mux_332_32_1_1        |        0|   0|      0|    14|    0|
    |mux_332_32_1_1_U74          |mux_332_32_1_1        |        0|   0|      0|    14|    0|
    |mux_42_32_1_1_U29           |mux_42_32_1_1         |        0|   0|      0|    20|    0|
    |mux_42_32_1_1_U31           |mux_42_32_1_1         |        0|   0|      0|    20|    0|
    |mux_42_32_1_1_U32           |mux_42_32_1_1         |        0|   0|      0|    20|    0|
    |mux_42_32_1_1_U34           |mux_42_32_1_1         |        0|   0|      0|    20|    0|
    |mux_42_32_1_1_U35           |mux_42_32_1_1         |        0|   0|      0|    20|    0|
    |mux_42_32_1_1_U37           |mux_42_32_1_1         |        0|   0|      0|    20|    0|
    |mux_42_32_1_1_U76           |mux_42_32_1_1         |        0|   0|      0|    20|    0|
    |mux_42_32_1_1_U77           |mux_42_32_1_1         |        0|   0|      0|    20|    0|
    |mux_42_32_1_1_U78           |mux_42_32_1_1         |        0|   0|      0|    20|    0|
    |mux_42_32_1_1_U79           |mux_42_32_1_1         |        0|   0|      0|    20|    0|
    |grp_read_data_DRAM_fu_584   |read_data_DRAM        |        0|   9|  14777|  9264|    0|
    |srem_32ns_3ns_3_36_1_U28    |srem_32ns_3ns_3_36_1  |        0|   0|   2283|  1738|    0|
    |srem_32ns_3ns_3_36_1_U30    |srem_32ns_3ns_3_36_1  |        0|   0|   2283|  1738|    0|
    |srem_32ns_3ns_3_36_1_U33    |srem_32ns_3ns_3_36_1  |        0|   0|   2283|  1738|    0|
    |srem_32ns_3ns_3_36_1_U36    |srem_32ns_3ns_3_36_1  |        0|   0|   2283|  1738|    0|
    |srem_32ns_3ns_3_36_1_U38    |srem_32ns_3ns_3_36_1  |        0|   0|   2283|  1738|    0|
    |srem_32ns_3ns_3_36_1_U39    |srem_32ns_3ns_3_36_1  |        0|   0|   2283|  1738|    0|
    |srem_32ns_3ns_3_36_1_U40    |srem_32ns_3ns_3_36_1  |        0|   0|   2283|  1738|    0|
    |srem_32ns_3ns_3_36_1_U41    |srem_32ns_3ns_3_36_1  |        0|   0|   2283|  1738|    0|
    |srem_32ns_3ns_3_36_1_U42    |srem_32ns_3ns_3_36_1  |        0|   0|   2283|  1738|    0|
    |srem_32ns_3ns_3_36_1_U43    |srem_32ns_3ns_3_36_1  |        0|   0|   2283|  1738|    0|
    |srem_32ns_3ns_3_36_1_U46    |srem_32ns_3ns_3_36_1  |        0|   0|   2283|  1738|    0|
    |srem_32ns_3ns_3_36_1_U50    |srem_32ns_3ns_3_36_1  |        0|   0|   2283|  1738|    0|
    |srem_32ns_3ns_3_36_1_U54    |srem_32ns_3ns_3_36_1  |        0|   0|   2283|  1738|    0|
    |srem_32ns_3ns_3_36_1_U58    |srem_32ns_3ns_3_36_1  |        0|   0|   2283|  1738|    0|
    |srem_32ns_3ns_3_36_1_U62    |srem_32ns_3ns_3_36_1  |        0|   0|   2283|  1738|    0|
    |grp_write_data_DRAM_fu_602  |write_data_DRAM       |        0|   0|    618|   640|    0|
    +----------------------------+----------------------+---------+----+-------+------+-----+
    |Total                       |                      |        0|  36|  52089| 38618|    0|
    +----------------------------+----------------------+---------+----+-------+------+-----+

    * DSP: 
    N/A

    * Memory: 
    +----------------------------+-------------------------------------+---------+----+----+-----+------+-----+------+-------------+
    |           Memory           |                Module               | BRAM_18K| FF | LUT| URAM| Words| Bits| Banks| W*Bits*Banks|
    +----------------------------+-------------------------------------+---------+----+----+-----+------+-----+------+-------------+
    |pes_local_cycle_count_U     |pes_local_cycle_count_RAM_AUTO_1R1W  |        0|  64|   5|    0|     9|   32|     1|          288|
    |pes_psum_count_U            |pes_local_cycle_count_RAM_AUTO_1R1W  |        0|  64|   5|    0|     9|   32|     1|          288|
    |pes_psum_buffer_internal_U  |pes_local_cycle_count_RAM_AUTO_1R1W  |        0|  64|   5|    0|     9|   32|     1|          288|
    +----------------------------+-------------------------------------+---------+----+----+-----+------+-----+------+-------------+
    |Total                       |                                     |        0| 192|  15|    0|    27|   96|     3|          864|
    +----------------------------+-------------------------------------+---------+----+----+-----+------+-----+------+-------------+

    * FIFO: 
    +----------------------------+---------+----+----+-----+------+-----+---------+
    |            Name            | BRAM_18K| FF | LUT| URAM| Depth| Bits| Size:D*B|
    +----------------------------+---------+----+----+-----+------+-----+---------+
    |psum_DRAM_0_fifo_U          |        0|  99|   0|    -|     1|   32|       32|
    |psum_DRAM_1_fifo_U          |        0|  99|   0|    -|     1|   32|       32|
    |psum_DRAM_2_fifo_U          |        0|  99|   0|    -|     1|   32|       32|
    |psum_accumulation_0_fifo_U  |        0|  99|   0|    -|     3|   32|       96|
    |psum_accumulation_1_fifo_U  |        0|  99|   0|    -|     3|   32|       96|
    |psum_accumulation_2_fifo_U  |        0|  99|   0|    -|     3|   32|       96|
    +----------------------------+---------+----+----+-----+------+-----+---------+
    |Total                       |        0| 594|   0|    0|    12|  192|      384|
    +----------------------------+---------+----+----+-----+------+-----+---------+

    * Expression: 
    +--------------------------------------------+----------+----+---+----+------------+------------+
    |                Variable Name               | Operation| DSP| FF| LUT| Bitwidth P0| Bitwidth P1|
    +--------------------------------------------+----------+----+---+----+------------+------------+
    |add_ln117_fu_1879_p2                        |         +|   0|  0|  32|          32|          32|
    |add_ln126_fu_1888_p2                        |         +|   0|  0|  32|          32|          32|
    |add_ln135_fu_1897_p2                        |         +|   0|  0|  32|          32|          32|
    |add_ln170_1_fu_1085_p2                      |         +|   0|  0|  39|          32|           1|
    |add_ln170_2_fu_1371_p2                      |         +|   0|  0|  39|          32|           1|
    |add_ln170_3_fu_1144_p2                      |         +|   0|  0|  39|          32|           1|
    |add_ln170_4_fu_1553_p2                      |         +|   0|  0|  39|          32|           1|
    |add_ln170_5_fu_1449_p2                      |         +|   0|  0|  39|          32|           1|
    |add_ln170_6_fu_1471_p2                      |         +|   0|  0|  39|          32|           1|
    |add_ln170_7_fu_1220_p2                      |         +|   0|  0|  39|          32|           1|
    |add_ln170_8_fu_1261_p2                      |         +|   0|  0|  39|          32|           1|
    |add_ln170_fu_1030_p2                        |         +|   0|  0|  39|          32|           1|
    |add_ln235_1_fu_2098_p2                      |         +|   0|  0|  39|          32|          32|
    |add_ln235_2_fu_2147_p2                      |         +|   0|  0|  39|          32|          32|
    |add_ln235_3_fu_2190_p2                      |         +|   0|  0|  39|          32|          32|
    |add_ln235_4_fu_2245_p2                      |         +|   0|  0|  39|          32|          32|
    |add_ln235_5_fu_2298_p2                      |         +|   0|  0|  39|          32|          32|
    |add_ln235_6_fu_2347_p2                      |         +|   0|  0|  39|          32|          32|
    |add_ln235_7_fu_2356_p2                      |         +|   0|  0|  39|          32|          32|
    |add_ln235_8_fu_2361_p2                      |         +|   0|  0|  39|          32|          32|
    |add_ln235_fu_2052_p2                        |         +|   0|  0|  39|          32|          32|
    |add_ln236_2_fu_2104_p2                      |         +|   0|  0|  39|          32|           1|
    |add_ln236_3_fu_2152_p2                      |         +|   0|  0|  39|          32|           1|
    |add_ln236_4_fu_2162_p2                      |         +|   0|  0|  39|          32|           1|
    |add_ln236_5_fu_2199_p2                      |         +|   0|  0|  39|          32|           1|
    |add_ln236_7_fu_2292_p2                      |         +|   0|  0|  39|          32|           1|
    |cycles_2_fu_871_p2                          |         +|   0|  0|  13|           4|           1|
    |grp_fu_1817_p0                              |         +|   0|  0|  39|          32|           2|
    |grp_fu_1854_p0                              |         +|   0|  0|  39|          32|           2|
    |grp_fu_1873_p0                              |         +|   0|  0|  39|          32|           2|
    |grp_fu_1911_p0                              |         +|   0|  0|  39|          32|           2|
    |grp_fu_1970_p0                              |         +|   0|  0|  39|          32|           2|
    |grp_fu_2009_p0                              |         +|   0|  0|  39|          32|           2|
    |grp_fu_2046_p0                              |         +|   0|  0|  39|          32|           2|
    |grp_fu_2092_p0                              |         +|   0|  0|  39|          32|           2|
    |grp_fu_2141_p0                              |         +|   0|  0|  39|          32|           2|
    |grp_fu_842_p2                               |         +|   0|  0|  39|          32|           1|
    |grp_fu_849_p2                               |         +|   0|  0|  39|          32|           1|
    |psum0_fu_1883_p2                            |         +|   0|  0|  32|          32|          32|
    |psum1_fu_1892_p2                            |         +|   0|  0|  32|          32|          32|
    |psum2_fu_1901_p2                            |         +|   0|  0|  32|          32|          32|
    |and_ln168_1_fu_1079_p2                      |       and|   0|  0|   2|           1|           1|
    |and_ln168_2_fu_1111_p2                      |       and|   0|  0|   2|           1|           1|
    |and_ln168_3_fu_1138_p2                      |       and|   0|  0|   2|           1|           1|
    |and_ln168_4_fu_1170_p2                      |       and|   0|  0|   2|           1|           1|
    |and_ln168_5_fu_1181_p2                      |       and|   0|  0|   2|           1|           1|
    |and_ln168_6_fu_1198_p2                      |       and|   0|  0|   2|           1|           1|
    |and_ln168_7_fu_1214_p2                      |       and|   0|  0|   2|           1|           1|
    |and_ln168_8_fu_1255_p2                      |       and|   0|  0|   2|           1|           1|
    |and_ln168_fu_1024_p2                        |       and|   0|  0|   2|           1|           1|
    |and_ln240_1_fu_1342_p2                      |       and|   0|  0|   2|           1|           1|
    |and_ln240_2_fu_1524_p2                      |       and|   0|  0|   2|           1|           1|
    |and_ln240_3_fu_1425_p2                      |       and|   0|  0|   2|           1|           1|
    |and_ln240_4_fu_1688_p2                      |       and|   0|  0|   2|           1|           1|
    |and_ln240_5_fu_1585_p2                      |       and|   0|  0|   2|           1|           1|
    |and_ln240_fu_1046_p2                        |       and|   0|  0|   2|           1|           1|
    |ap_block_pp0_stage10_11001                  |       and|   0|  0|   2|           1|           1|
    |ap_block_pp0_stage11_11001_ignoreCallOp288  |       and|   0|  0|   2|           1|           1|
    |ap_block_pp0_stage2_11001_ignoreCallOp255   |       and|   0|  0|   2|           1|           1|
    |ap_block_pp0_stage3_11001_ignoreCallOp256   |       and|   0|  0|   2|           1|           1|
    |ap_block_pp0_stage5_11001_ignoreCallOp259   |       and|   0|  0|   2|           1|           1|
    |ap_block_pp0_stage9_11001_ignoreCallOp284   |       and|   0|  0|   2|           1|           1|
    |ap_block_state113_pp0_stage111_iter0        |       and|   0|  0|   2|           1|           1|
    |ap_condition_4865                           |       and|   0|  0|   2|           1|           1|
    |ap_condition_4881                           |       and|   0|  0|   2|           1|           1|
    |ap_condition_8701                           |       and|   0|  0|   2|           1|           1|
    |ap_condition_8705                           |       and|   0|  0|   2|           1|           1|
    |ap_condition_8710                           |       and|   0|  0|   2|           1|           1|
    |ap_condition_8716                           |       and|   0|  0|   2|           1|           1|
    |ap_condition_8720                           |       and|   0|  0|   2|           1|           1|
    |ap_condition_8725                           |       and|   0|  0|   2|           1|           1|
    |ap_condition_8730                           |       and|   0|  0|   2|           1|           1|
    |ap_condition_8734                           |       and|   0|  0|   2|           1|           1|
    |ap_condition_8738                           |       and|   0|  0|   2|           1|           1|
    |ap_condition_8744                           |       and|   0|  0|   2|           1|           1|
    |ap_condition_8748                           |       and|   0|  0|   2|           1|           1|
    |ap_condition_8753                           |       and|   0|  0|   2|           1|           1|
    |ap_condition_8759                           |       and|   0|  0|   2|           1|           1|
    |ap_condition_8763                           |       and|   0|  0|   2|           1|           1|
    |ap_condition_8768                           |       and|   0|  0|   2|           1|           1|
    |ap_condition_8774                           |       and|   0|  0|   2|           1|           1|
    |ap_condition_8778                           |       and|   0|  0|   2|           1|           1|
    |ap_condition_8783                           |       and|   0|  0|   2|           1|           1|
    |ap_condition_8789                           |       and|   0|  0|   2|           1|           1|
    |ap_condition_8793                           |       and|   0|  0|   2|           1|           1|
    |ap_condition_8798                           |       and|   0|  0|   2|           1|           1|
    |ap_condition_8804                           |       and|   0|  0|   2|           1|           1|
    |ap_condition_8808                           |       and|   0|  0|   2|           1|           1|
    |ap_condition_8813                           |       and|   0|  0|   2|           1|           1|
    |ap_condition_8819                           |       and|   0|  0|   2|           1|           1|
    |ap_condition_8823                           |       and|   0|  0|   2|           1|           1|
    |ap_condition_8828                           |       and|   0|  0|   2|           1|           1|
    |ap_condition_8832                           |       and|   0|  0|   2|           1|           1|
    |ap_condition_8837                           |       and|   0|  0|   2|           1|           1|
    |ap_condition_8842                           |       and|   0|  0|   2|           1|           1|
    |ap_condition_8847                           |       and|   0|  0|   2|           1|           1|
    |ap_condition_8851                           |       and|   0|  0|   2|           1|           1|
    |ap_condition_8854                           |       and|   0|  0|   2|           1|           1|
    |ap_condition_8857                           |       and|   0|  0|   2|           1|           1|
    |ap_condition_8860                           |       and|   0|  0|   2|           1|           1|
    |ap_condition_8863                           |       and|   0|  0|   2|           1|           1|
    |ap_condition_8866                           |       and|   0|  0|   2|           1|           1|
    |ap_condition_8871                           |       and|   0|  0|   2|           1|           1|
    |ap_condition_8875                           |       and|   0|  0|   2|           1|           1|
    |ap_condition_8880                           |       and|   0|  0|   2|           1|           1|
    |ap_condition_8884                           |       and|   0|  0|   2|           1|           1|
    |ap_condition_8889                           |       and|   0|  0|   2|           1|           1|
    |ap_condition_8893                           |       and|   0|  0|   2|           1|           1|
    |ap_condition_8898                           |       and|   0|  0|   2|           1|           1|
    |ap_condition_8902                           |       and|   0|  0|   2|           1|           1|
    |ap_condition_8907                           |       and|   0|  0|   2|           1|           1|
    |ap_condition_8911                           |       and|   0|  0|   2|           1|           1|
    |ap_condition_8916                           |       and|   0|  0|   2|           1|           1|
    |ap_condition_8920                           |       and|   0|  0|   2|           1|           1|
    |ap_condition_8933                           |       and|   0|  0|   2|           1|           1|
    |ap_condition_8937                           |       and|   0|  0|   2|           1|           1|
    |ap_predicate_op602_write_state134           |       and|   0|  0|   2|           1|           1|
    |ap_predicate_op605_write_state134           |       and|   0|  0|   2|           1|           1|
    |ap_predicate_op632_write_state134           |       and|   0|  0|   2|           1|           1|
    |ap_predicate_op635_write_state134           |       and|   0|  0|   2|           1|           1|
    |ap_predicate_op708_write_state135           |       and|   0|  0|   2|           1|           1|
    |ap_predicate_op711_write_state135           |       and|   0|  0|   2|           1|           1|
    |cmp_i_2_fu_1187_p2                          |      icmp|   0|  0|  18|          32|           2|
    |cmp_i_fu_1013_p2                            |      icmp|   0|  0|  18|          32|           1|
    |grp_fu_614_p2                               |      icmp|   0|  0|  18|          32|           2|
    |grp_fu_652_p2                               |      icmp|   0|  0|  18|          32|           2|
    |icmp111_fu_1127_p2                          |      icmp|   0|  0|  17|          31|           1|
    |icmp_ln111_fu_1758_p2                       |      icmp|   0|  0|   8|           1|           2|
    |icmp_ln121_fu_1764_p2                       |      icmp|   0|  0|   8|           1|           2|
    |icmp_ln130_fu_1770_p2                       |      icmp|   0|  0|   8|           1|           2|
    |icmp_ln168_1_fu_1074_p2                     |      icmp|   0|  0|  18|          32|           4|
    |icmp_ln168_2_fu_1106_p2                     |      icmp|   0|  0|  18|          32|           4|
    |icmp_ln168_3_fu_1133_p2                     |      icmp|   0|  0|  18|          32|           4|
    |icmp_ln168_4_fu_1165_p2                     |      icmp|   0|  0|  18|          32|           4|
    |icmp_ln168_5_fu_1176_p2                     |      icmp|   0|  0|  18|          32|           4|
    |icmp_ln168_6_fu_1193_p2                     |      icmp|   0|  0|  18|          32|           4|
    |icmp_ln168_7_fu_1209_p2                     |      icmp|   0|  0|  18|          32|           4|
    |icmp_ln168_8_fu_1250_p2                     |      icmp|   0|  0|  18|          32|           4|
    |icmp_ln168_fu_1019_p2                       |      icmp|   0|  0|  18|          32|           4|
    |icmp_ln211_1_fu_1392_p2                     |      icmp|   0|  0|  18|          32|           3|
    |icmp_ln211_2_fu_1609_p2                     |      icmp|   0|  0|  18|          32|           3|
    |icmp_ln211_fu_1291_p2                       |      icmp|   0|  0|  18|          32|           3|
    |icmp_ln226_1_fu_2926_p2                     |      icmp|   0|  0|  18|          32|           3|
    |icmp_ln226_2_fu_1826_p2                     |      icmp|   0|  0|  18|          32|           3|
    |icmp_ln226_fu_2867_p2                       |      icmp|   0|  0|  18|          32|           3|
    |icmp_ln233_1_fu_1332_p2                     |      icmp|   0|  0|  18|          32|           1|
    |icmp_ln233_2_fu_1514_p2                     |      icmp|   0|  0|  18|          32|           1|
    |icmp_ln233_3_fu_1415_p2                     |      icmp|   0|  0|  18|          32|           1|
    |icmp_ln233_4_fu_1678_p2                     |      icmp|   0|  0|  18|          32|           1|
    |icmp_ln233_5_fu_1575_p2                     |      icmp|   0|  0|  18|          32|           1|
    |icmp_ln233_6_fu_1204_p2                     |      icmp|   0|  0|  18|          32|           1|
    |icmp_ln233_7_fu_1226_p2                     |      icmp|   0|  0|  18|          32|           1|
    |icmp_ln233_8_fu_1267_p2                     |      icmp|   0|  0|  18|          32|           1|
    |icmp_ln233_fu_1035_p2                       |      icmp|   0|  0|  18|          32|           1|
    |icmp_ln240_1_fu_1337_p2                     |      icmp|   0|  0|  18|          32|           3|
    |icmp_ln240_2_fu_1519_p2                     |      icmp|   0|  0|  18|          32|           3|
    |icmp_ln240_3_fu_1420_p2                     |      icmp|   0|  0|  18|          32|           3|
    |icmp_ln240_4_fu_1683_p2                     |      icmp|   0|  0|  18|          32|           3|
    |icmp_ln240_5_fu_1580_p2                     |      icmp|   0|  0|  18|          32|           3|
    |icmp_ln240_fu_1040_p2                       |      icmp|   0|  0|  18|          32|           3|
    |icmp_ln258_1_fu_2402_p2                     |      icmp|   0|  0|   8|           3|           1|
    |icmp_ln258_2_fu_2439_p2                     |      icmp|   0|  0|   8|           3|           1|
    |icmp_ln258_3_fu_2476_p2                     |      icmp|   0|  0|   8|           3|           1|
    |icmp_ln258_4_fu_2498_p2                     |      icmp|   0|  0|   8|           3|           1|
    |icmp_ln258_5_fu_2520_p2                     |      icmp|   0|  0|   8|           3|           1|
    |icmp_ln258_fu_2370_p2                       |      icmp|   0|  0|   8|           3|           1|
    |icmp_ln262_1_fu_2629_p2                     |      icmp|   0|  0|  18|          32|           4|
    |icmp_ln262_2_fu_2816_p2                     |      icmp|   0|  0|  18|          32|           4|
    |icmp_ln262_3_fu_2730_p2                     |      icmp|   0|  0|  18|          32|           4|
    |icmp_ln262_fu_2558_p2                       |      icmp|   0|  0|  18|          32|           4|
    |icmp_ln277_1_fu_1100_p2                     |      icmp|   0|  0|  17|          30|           1|
    |icmp_ln277_2_fu_1386_p2                     |      icmp|   0|  0|  17|          30|           1|
    |icmp_ln277_3_fu_1159_p2                     |      icmp|   0|  0|  17|          30|           1|
    |icmp_ln277_4_fu_1569_p2                     |      icmp|   0|  0|  17|          30|           1|
    |icmp_ln277_5_fu_1465_p2                     |      icmp|   0|  0|  17|          30|           1|
    |icmp_ln277_6_fu_1487_p2                     |      icmp|   0|  0|  17|          30|           1|
    |icmp_ln277_7_fu_1241_p2                     |      icmp|   0|  0|  17|          30|           1|
    |icmp_ln277_8_fu_1282_p2                     |      icmp|   0|  0|  17|          30|           1|
    |icmp_ln277_fu_1068_p2                       |      icmp|   0|  0|  17|          30|           1|
    |icmp_ln281_1_fu_2598_p2                     |      icmp|   0|  0|   8|           3|           1|
    |icmp_ln281_2_fu_2669_p2                     |      icmp|   0|  0|   8|           3|           1|
    |icmp_ln281_3_fu_2704_p2                     |      icmp|   0|  0|   8|           3|           1|
    |icmp_ln281_4_fu_2719_p2                     |      icmp|   0|  0|   8|           3|           1|
    |icmp_ln281_5_fu_2770_p2                     |      icmp|   0|  0|   8|           3|           1|
    |icmp_ln281_6_fu_2805_p2                     |      icmp|   0|  0|   8|           3|           1|
    |icmp_ln281_7_fu_2856_p2                     |      icmp|   0|  0|   8|           3|           1|
    |icmp_ln281_8_fu_3091_p2                     |      icmp|   0|  0|   8|           3|           1|
    |icmp_ln281_fu_2542_p2                       |      icmp|   0|  0|   8|           3|           1|
    |icmp_ln283_1_fu_2604_p2                     |      icmp|   0|  0|  18|          32|           4|
    |icmp_ln283_2_fu_2675_p2                     |      icmp|   0|  0|  18|          32|           4|
    |icmp_ln283_3_fu_2710_p2                     |      icmp|   0|  0|  18|          32|           4|
    |icmp_ln283_4_fu_2725_p2                     |      icmp|   0|  0|  18|          32|           4|
    |icmp_ln283_5_fu_2776_p2                     |      icmp|   0|  0|  18|          32|           4|
    |icmp_ln283_6_fu_2811_p2                     |      icmp|   0|  0|  18|          32|           4|
    |icmp_ln283_7_fu_2862_p2                     |      icmp|   0|  0|  18|          32|           4|
    |icmp_ln283_8_fu_3097_p2                     |      icmp|   0|  0|  18|          32|           4|
    |icmp_ln283_fu_2548_p2                       |      icmp|   0|  0|  18|          32|           4|
    |icmp_ln340_fu_865_p2                        |      icmp|   0|  0|   9|           4|           2|
    |ap_block_pp0_stage11_11001                  |        or|   0|  0|   2|           1|           1|
    |ap_block_pp0_stage2_01001                   |        or|   0|  0|   2|           1|           1|
    |ap_block_pp0_stage3_01001                   |        or|   0|  0|   2|           1|           1|
    |ap_block_pp0_stage5_11001                   |        or|   0|  0|   2|           1|           1|
    |ap_block_pp0_stage9_01001                   |        or|   0|  0|   2|           1|           1|
    |ap_block_state134_pp0_stage2_iter1          |        or|   0|  0|   2|           1|           1|
    |ap_block_state135_pp0_stage3_iter1          |        or|   0|  0|   2|           1|           1|
    |ap_block_state137_pp0_stage5_iter1          |        or|   0|  0|   2|           1|           1|
    |ap_block_state141_pp0_stage9_iter1          |        or|   0|  0|   2|           1|           1|
    |diagonal_pipes_20_fu_2563_p3                |    select|   0|  0|  32|           1|          32|
    |diagonal_pipes_24_fu_2634_p3                |    select|   0|  0|  32|           1|          32|
    |diagonal_pipes_26_fu_2821_p3                |    select|   0|  0|  32|           1|          32|
    |diagonal_pipes_28_fu_2735_p3                |    select|   0|  0|  32|           1|          32|
    |select_ln226_1_fu_2931_p3                   |    select|   0|  0|  32|           1|          32|
    |select_ln226_2_fu_1831_p3                   |    select|   0|  0|  32|           1|          32|
    |select_ln226_fu_2872_p3                     |    select|   0|  0|  32|           1|          32|
    |select_ln269_1_fu_2408_p3                   |    select|   0|  0|  32|           1|          32|
    |select_ln269_2_fu_2445_p3                   |    select|   0|  0|  32|           1|          32|
    |select_ln269_3_fu_2482_p3                   |    select|   0|  0|  32|           1|          32|
    |select_ln269_4_fu_2504_p3                   |    select|   0|  0|  32|           1|          32|
    |select_ln269_5_fu_2526_p3                   |    select|   0|  0|  32|           1|          32|
    |select_ln269_fu_2376_p3                     |    select|   0|  0|  32|           1|          32|
    |ap_enable_pp0                               |       xor|   0|  0|   2|           1|           2|
    +--------------------------------------------+----------+----+---+----+------------+------------+
    |Total                                       |          |   0|  0|3298|        3245|        1196|
    +--------------------------------------------+----------+----+---+----+------------+------------+

    * Multiplexer: 
    +-----------------------------------+-----+-----------+-----+-----------+
    |                Name               | LUT | Input Size| Bits| Total Bits|
    +-----------------------------------+-----+-----------+-----+-----------+
    |PE_IFM_Buffer_0_0                  |    9|          2|   32|         64|
    |PE_IFM_Buffer_0_1                  |    9|          2|   32|         64|
    |PE_IFM_Buffer_0_2                  |    9|          2|   32|         64|
    |PE_IFM_Buffer_1_0                  |    9|          2|   32|         64|
    |PE_IFM_Buffer_1_1                  |    9|          2|   32|         64|
    |PE_IFM_Buffer_1_2                  |    9|          2|   32|         64|
    |PE_IFM_Buffer_2_0                  |    9|          2|   32|         64|
    |PE_IFM_Buffer_2_1                  |    9|          2|   32|         64|
    |PE_IFM_Buffer_2_2                  |    9|          2|   32|         64|
    |PE_IFM_Buffer_3_0                  |    9|          2|   32|         64|
    |PE_IFM_Buffer_3_1                  |    9|          2|   32|         64|
    |PE_IFM_Buffer_3_2                  |    9|          2|   32|         64|
    |PE_IFM_Buffer_4_0                  |    9|          2|   32|         64|
    |PE_IFM_Buffer_4_1                  |    9|          2|   32|         64|
    |PE_IFM_Buffer_4_2                  |    9|          2|   32|         64|
    |PE_IFM_Buffer_5_0                  |    9|          2|   32|         64|
    |PE_IFM_Buffer_5_1                  |    9|          2|   32|         64|
    |PE_IFM_Buffer_5_2                  |    9|          2|   32|         64|
    |PE_IFM_Buffer_6_0                  |    9|          2|   32|         64|
    |PE_IFM_Buffer_6_1                  |    9|          2|   32|         64|
    |PE_IFM_Buffer_6_2                  |    9|          2|   32|         64|
    |PE_IFM_Buffer_7_0                  |    9|          2|   32|         64|
    |PE_IFM_Buffer_7_1                  |    9|          2|   32|         64|
    |PE_IFM_Buffer_7_2                  |    9|          2|   32|         64|
    |PE_IFM_Buffer_8_0                  |    9|          2|   32|         64|
    |PE_IFM_Buffer_8_1                  |    9|          2|   32|         64|
    |PE_IFM_Buffer_8_2                  |    9|          2|   32|         64|
    |ap_NS_fsm                          |  708|        133|    1|        133|
    |ap_enable_reg_pp0_iter1            |    9|          2|    1|          2|
    |cycles_fu_300                      |    9|          2|    4|          8|
    |diagonal_pipes_1_fu_376            |    9|          2|   32|         64|
    |diagonal_pipes_2_fu_380            |    9|          2|   32|         64|
    |diagonal_pipes_3_fu_384            |    9|          2|   32|         64|
    |diagonal_pipes_fu_372              |    9|          2|   32|         64|
    |empty_25_fu_388                    |    9|          2|   32|         64|
    |empty_26_fu_392                    |    9|          2|   32|         64|
    |empty_27_fu_396                    |    9|          2|   32|         64|
    |horizontal_pipes_1_fu_352          |    9|          2|   32|         64|
    |horizontal_pipes_2_fu_356          |    9|          2|   32|         64|
    |horizontal_pipes_3_fu_360          |    9|          2|   32|         64|
    |horizontal_pipes_4_fu_364          |    9|          2|   32|         64|
    |horizontal_pipes_5_fu_368          |    9|          2|   32|         64|
    |horizontal_pipes_fu_348            |    9|          2|   32|         64|
    |ifm_ARVALID                        |    9|          2|    1|          2|
    |ifm_AWVALID                        |    9|          2|    1|          2|
    |ifm_BREADY                         |    9|          2|    1|          2|
    |ifm_RREADY                         |    9|          2|    1|          2|
    |ifm_WVALID                         |    9|          2|    1|          2|
    |ifm_blk_n_AR                       |    9|          2|    1|          2|
    |ifm_blk_n_AW                       |    9|          2|    1|          2|
    |ifm_blk_n_B                        |    9|          2|    1|          2|
    |ifm_blk_n_R                        |    9|          2|    1|          2|
    |ifm_blk_n_W                        |    9|          2|    1|          2|
    |pes_local_cycle_count_address0     |   31|          6|    4|         24|
    |pes_local_cycle_count_address1     |   31|          6|    4|         24|
    |pes_local_cycle_count_d0           |   31|          6|   32|        192|
    |pes_local_cycle_count_d1           |   25|          5|   32|        160|
    |pes_psum_buffer_internal_address0  |   42|          8|    4|         32|
    |pes_psum_buffer_internal_address1  |   42|          8|    4|         32|
    |pes_psum_buffer_internal_d0        |   31|          6|   32|        192|
    |pes_psum_buffer_internal_d1        |   37|          7|   32|        224|
    |pes_psum_count_address0            |   53|         10|    4|         40|
    |pes_psum_count_address1            |   53|         10|    4|         40|
    |pes_psum_count_d0                  |   31|          6|   32|        192|
    |pes_psum_count_d1                  |   31|          6|   32|        192|
    |psum_DRAM_0_read                   |    9|          2|    1|          2|
    |psum_DRAM_1_read                   |    9|          2|    1|          2|
    |psum_DRAM_2_read                   |    9|          2|    1|          2|
    |psum_accumulation_0_din            |   14|          3|   32|         96|
    |psum_accumulation_1_din            |   14|          3|   32|         96|
    |psum_accumulation_2_din            |   14|          3|   32|         96|
    |reg_828                            |    9|          2|   32|         64|
    |reg_837                            |    9|          2|   32|         64|
    +-----------------------------------+-----+-----------+-----+-----------+
    |Total                              | 1701|        340| 1675|       4489|
    +-----------------------------------+-----+-----------+-----+-----------+

    * Register: 
    +-----------------------------------------------------+-----+----+-----+-----------+
    |                         Name                        |  FF | LUT| Bits| Const Bits|
    +-----------------------------------------------------+-----+----+-----+-----------+
    |DRAM_Wt_data_read_reg_3309                           |   64|   0|   64|          0|
    |DRAM_ip_data_read_reg_3314                           |   64|   0|   64|          0|
    |DRAM_op_data_read_reg_3304                           |   64|   0|   64|          0|
    |PE_IFM_Buffer_0_0                                    |   32|   0|   32|          0|
    |PE_IFM_Buffer_0_1                                    |   32|   0|   32|          0|
    |PE_IFM_Buffer_0_2                                    |   32|   0|   32|          0|
    |PE_IFM_Buffer_1_0                                    |   32|   0|   32|          0|
    |PE_IFM_Buffer_1_1                                    |   32|   0|   32|          0|
    |PE_IFM_Buffer_1_2                                    |   32|   0|   32|          0|
    |PE_IFM_Buffer_2_0                                    |   32|   0|   32|          0|
    |PE_IFM_Buffer_2_1                                    |   32|   0|   32|          0|
    |PE_IFM_Buffer_2_2                                    |   32|   0|   32|          0|
    |PE_IFM_Buffer_3_0                                    |   32|   0|   32|          0|
    |PE_IFM_Buffer_3_1                                    |   32|   0|   32|          0|
    |PE_IFM_Buffer_3_2                                    |   32|   0|   32|          0|
    |PE_IFM_Buffer_4_0                                    |   32|   0|   32|          0|
    |PE_IFM_Buffer_4_1                                    |   32|   0|   32|          0|
    |PE_IFM_Buffer_4_2                                    |   32|   0|   32|          0|
    |PE_IFM_Buffer_5_0                                    |   32|   0|   32|          0|
    |PE_IFM_Buffer_5_1                                    |   32|   0|   32|          0|
    |PE_IFM_Buffer_5_2                                    |   32|   0|   32|          0|
    |PE_IFM_Buffer_6_0                                    |   32|   0|   32|          0|
    |PE_IFM_Buffer_6_1                                    |   32|   0|   32|          0|
    |PE_IFM_Buffer_6_2                                    |   32|   0|   32|          0|
    |PE_IFM_Buffer_7_0                                    |   32|   0|   32|          0|
    |PE_IFM_Buffer_7_1                                    |   32|   0|   32|          0|
    |PE_IFM_Buffer_7_2                                    |   32|   0|   32|          0|
    |PE_IFM_Buffer_8_0                                    |   32|   0|   32|          0|
    |PE_IFM_Buffer_8_1                                    |   32|   0|   32|          0|
    |PE_IFM_Buffer_8_2                                    |   32|   0|   32|          0|
    |PE_Wt_Buffer_0_0                                     |   32|   0|   32|          0|
    |PE_Wt_Buffer_0_1                                     |   32|   0|   32|          0|
    |PE_Wt_Buffer_0_2                                     |   32|   0|   32|          0|
    |PE_Wt_Buffer_1_0                                     |   32|   0|   32|          0|
    |PE_Wt_Buffer_1_1                                     |   32|   0|   32|          0|
    |PE_Wt_Buffer_1_2                                     |   32|   0|   32|          0|
    |PE_Wt_Buffer_2_0                                     |   32|   0|   32|          0|
    |PE_Wt_Buffer_2_1                                     |   32|   0|   32|          0|
    |PE_Wt_Buffer_2_2                                     |   32|   0|   32|          0|
    |PE_Wt_Buffer_3_0                                     |   32|   0|   32|          0|
    |PE_Wt_Buffer_3_1                                     |   32|   0|   32|          0|
    |PE_Wt_Buffer_3_2                                     |   32|   0|   32|          0|
    |PE_Wt_Buffer_4_0                                     |   32|   0|   32|          0|
    |PE_Wt_Buffer_4_1                                     |   32|   0|   32|          0|
    |PE_Wt_Buffer_4_2                                     |   32|   0|   32|          0|
    |PE_Wt_Buffer_5_0                                     |   32|   0|   32|          0|
    |PE_Wt_Buffer_5_1                                     |   32|   0|   32|          0|
    |PE_Wt_Buffer_5_2                                     |   32|   0|   32|          0|
    |PE_Wt_Buffer_6_0                                     |   32|   0|   32|          0|
    |PE_Wt_Buffer_6_1                                     |   32|   0|   32|          0|
    |PE_Wt_Buffer_6_2                                     |   32|   0|   32|          0|
    |PE_Wt_Buffer_7_0                                     |   32|   0|   32|          0|
    |PE_Wt_Buffer_7_1                                     |   32|   0|   32|          0|
    |PE_Wt_Buffer_7_2                                     |   32|   0|   32|          0|
    |PE_Wt_Buffer_8_0                                     |   32|   0|   32|          0|
    |PE_Wt_Buffer_8_1                                     |   32|   0|   32|          0|
    |PE_Wt_Buffer_8_2                                     |   32|   0|   32|          0|
    |add_ln170_1_reg_3610                                 |   32|   0|   32|          0|
    |add_ln170_2_reg_3725                                 |   32|   0|   32|          0|
    |add_ln170_3_reg_3632                                 |   32|   0|   32|          0|
    |add_ln170_4_reg_3802                                 |   32|   0|   32|          0|
    |add_ln170_5_reg_3759                                 |   32|   0|   32|          0|
    |add_ln170_6_reg_3771                                 |   32|   0|   32|          0|
    |add_ln170_7_reg_3665                                 |   32|   0|   32|          0|
    |add_ln170_8_reg_3687                                 |   32|   0|   32|          0|
    |add_ln170_reg_3581                                   |   32|   0|   32|          0|
    |and_ln168_1_reg_3606                                 |    1|   0|    1|          0|
    |and_ln168_2_reg_3624                                 |    1|   0|    1|          0|
    |and_ln168_3_reg_3628                                 |    1|   0|    1|          0|
    |and_ln168_4_reg_3645                                 |    1|   0|    1|          0|
    |and_ln168_5_reg_3649                                 |    1|   0|    1|          0|
    |and_ln168_6_reg_3653                                 |    1|   0|    1|          0|
    |and_ln168_7_reg_3661                                 |    1|   0|    1|          0|
    |and_ln168_8_reg_3683                                 |    1|   0|    1|          0|
    |and_ln168_reg_3577                                   |    1|   0|    1|          0|
    |and_ln240_1_reg_3721                                 |    1|   0|    1|          0|
    |and_ln240_2_reg_3798                                 |    1|   0|    1|          0|
    |and_ln240_3_reg_3755                                 |    1|   0|    1|          0|
    |and_ln240_4_reg_3853                                 |    1|   0|    1|          0|
    |and_ln240_5_reg_3824                                 |    1|   0|    1|          0|
    |and_ln240_reg_3598                                   |    1|   0|    1|          0|
    |ap_CS_fsm                                            |  132|   0|  132|          0|
    |ap_enable_reg_pp0_iter0                              |    1|   0|    1|          0|
    |ap_enable_reg_pp0_iter1                              |    1|   0|    1|          0|
    |cycles_2_reg_3362                                    |    4|   0|    4|          0|
    |cycles_fu_300                                        |    4|   0|    4|          0|
    |diagonal_pipes_11_fu_316                             |   32|   0|   32|          0|
    |diagonal_pipes_12_fu_320                             |   32|   0|   32|          0|
    |diagonal_pipes_15_fu_324                             |   32|   0|   32|          0|
    |diagonal_pipes_16_fu_328                             |   32|   0|   32|          0|
    |diagonal_pipes_19_fu_332                             |   32|   0|   32|          0|
    |diagonal_pipes_1_fu_376                              |   32|   0|   32|          0|
    |diagonal_pipes_2_fu_380                              |   32|   0|   32|          0|
    |diagonal_pipes_3_fu_384                              |   32|   0|   32|          0|
    |diagonal_pipes_4_reg_3569                            |   32|   0|   32|          0|
    |diagonal_pipes_5_reg_3537                            |   32|   0|   32|          0|
    |diagonal_pipes_6_reg_3545                            |   32|   0|   32|          0|
    |diagonal_pipes_7_reg_3553                            |   32|   0|   32|          0|
    |diagonal_pipes_8_reg_3561                            |   32|   0|   32|          0|
    |diagonal_pipes_fu_372                                |   32|   0|   32|          0|
    |empty_23_fu_340                                      |   32|   0|   32|          0|
    |empty_24_fu_344                                      |   32|   0|   32|          0|
    |empty_25_fu_388                                      |   32|   0|   32|          0|
    |empty_26_fu_392                                      |   32|   0|   32|          0|
    |empty_27_fu_396                                      |   32|   0|   32|          0|
    |empty_fu_336                                         |   32|   0|   32|          0|
    |global_cycles                                        |   32|   0|   32|          0|
    |grp_read_data_DRAM_fu_584_ap_start_reg               |    1|   0|    1|          0|
    |grp_write_data_DRAM_fu_602_ap_start_reg              |    1|   0|    1|          0|
    |horizontal_pipes_10_fu_304                           |   32|   0|   32|          0|
    |horizontal_pipes_11_fu_308                           |   32|   0|   32|          0|
    |horizontal_pipes_13_fu_312                           |   32|   0|   32|          0|
    |horizontal_pipes_1_fu_352                            |   32|   0|   32|          0|
    |horizontal_pipes_2_fu_356                            |   32|   0|   32|          0|
    |horizontal_pipes_3_fu_360                            |   32|   0|   32|          0|
    |horizontal_pipes_4_fu_364                            |   32|   0|   32|          0|
    |horizontal_pipes_5_fu_368                            |   32|   0|   32|          0|
    |horizontal_pipes_6_reg_3516                          |   32|   0|   32|          0|
    |horizontal_pipes_7_reg_3523                          |   32|   0|   32|          0|
    |horizontal_pipes_8_reg_3530                          |   32|   0|   32|          0|
    |horizontal_pipes_fu_348                              |   32|   0|   32|          0|
    |icmp_ln111_reg_3865                                  |    1|   0|    1|          0|
    |icmp_ln121_reg_3869                                  |    1|   0|    1|          0|
    |icmp_ln130_reg_3873                                  |    1|   0|    1|          0|
    |icmp_ln172_1_reg_3785                                |    1|   0|    1|          0|
    |icmp_ln172_2_reg_3836                                |    1|   0|    1|          0|
    |icmp_ln172_3_reg_3738                                |    1|   0|    1|          0|
    |icmp_ln172_4_reg_3840                                |    1|   0|    1|          0|
    |icmp_ln172_5_reg_3857                                |    1|   0|    1|          0|
    |icmp_ln172_6_reg_3828                                |    1|   0|    1|          0|
    |icmp_ln172_7_reg_3861                                |    1|   0|    1|          0|
    |icmp_ln172_8_reg_3882                                |    1|   0|    1|          0|
    |icmp_ln172_reg_3704                                  |    1|   0|    1|          0|
    |icmp_ln211_1_reg_3742                                |    1|   0|    1|          0|
    |icmp_ln211_2_reg_3832                                |    1|   0|    1|          0|
    |icmp_ln211_reg_3708                                  |    1|   0|    1|          0|
    |icmp_ln233_1_reg_3712                                |    1|   0|    1|          0|
    |icmp_ln233_2_reg_3789                                |    1|   0|    1|          0|
    |icmp_ln233_3_reg_3746                                |    1|   0|    1|          0|
    |icmp_ln233_4_reg_3844                                |    1|   0|    1|          0|
    |icmp_ln233_5_reg_3815                                |    1|   0|    1|          0|
    |icmp_ln233_6_reg_3657                                |    1|   0|    1|          0|
    |icmp_ln233_7_reg_3671                                |    1|   0|    1|          0|
    |icmp_ln233_8_reg_3692                                |    1|   0|    1|          0|
    |icmp_ln233_reg_3589                                  |    1|   0|    1|          0|
    |icmp_ln240_1_reg_3716                                |    1|   0|    1|          0|
    |icmp_ln240_2_reg_3793                                |    1|   0|    1|          0|
    |icmp_ln240_3_reg_3750                                |    1|   0|    1|          0|
    |icmp_ln240_4_reg_3848                                |    1|   0|    1|          0|
    |icmp_ln240_5_reg_3819                                |    1|   0|    1|          0|
    |icmp_ln240_reg_3593                                  |    1|   0|    1|          0|
    |icmp_ln258_1_reg_4209                                |    1|   0|    1|          0|
    |icmp_ln258_2_reg_4213                                |    1|   0|    1|          0|
    |icmp_ln258_4_reg_4220                                |    1|   0|    1|          0|
    |icmp_ln258_5_reg_4224                                |    1|   0|    1|          0|
    |icmp_ln277_1_reg_3620                                |    1|   0|    1|          0|
    |icmp_ln277_2_reg_3734                                |    1|   0|    1|          0|
    |icmp_ln277_3_reg_3641                                |    1|   0|    1|          0|
    |icmp_ln277_4_reg_3811                                |    1|   0|    1|          0|
    |icmp_ln277_5_reg_3767                                |    1|   0|    1|          0|
    |icmp_ln277_6_reg_3777                                |    1|   0|    1|          0|
    |icmp_ln277_7_reg_3675                                |    1|   0|    1|          0|
    |icmp_ln277_8_reg_3696                                |    1|   0|    1|          0|
    |icmp_ln277_reg_3602                                  |    1|   0|    1|          0|
    |icmp_ln281_3_reg_4246                                |    1|   0|    1|          0|
    |icmp_ln281_4_reg_4254                                |    1|   0|    1|          0|
    |icmp_ln281_6_reg_4268                                |    1|   0|    1|          0|
    |icmp_ln281_7_reg_4276                                |    1|   0|    1|          0|
    |icmp_ln283_3_reg_4250                                |    1|   0|    1|          0|
    |icmp_ln283_4_reg_4258                                |    1|   0|    1|          0|
    |icmp_ln283_6_reg_4272                                |    1|   0|    1|          0|
    |icmp_ln283_7_reg_4280                                |    1|   0|    1|          0|
    |icmp_ln340_reg_3358                                  |    1|   0|    1|          0|
    |mul_ln235_1_reg_4089                                 |   32|   0|   32|          0|
    |mul_ln235_2_reg_4116                                 |   32|   0|   32|          0|
    |mul_ln235_3_reg_4136                                 |   32|   0|   32|          0|
    |mul_ln235_4_reg_4151                                 |   32|   0|   32|          0|
    |mul_ln235_5_reg_4166                                 |   32|   0|   32|          0|
    |mul_ln235_6_reg_4181                                 |   32|   0|   32|          0|
    |mul_ln235_7_reg_4196                                 |   32|   0|   32|          0|
    |mul_ln235_8_reg_4201                                 |   32|   0|   32|          0|
    |mul_ln235_reg_4055                                   |   32|   0|   32|          0|
    |p_load176_reg_3936                                   |   32|   0|   32|          0|
    |p_load177_reg_3877                                   |   32|   0|   32|          0|
    |pes_local_cycle_count_load_1_reg_3420                |   32|   0|   32|          0|
    |pes_local_cycle_count_load_1_reg_3420_pp0_iter1_reg  |   32|   0|   32|          0|
    |pes_local_cycle_count_load_2_reg_3434                |   32|   0|   32|          0|
    |pes_local_cycle_count_load_2_reg_3434_pp0_iter1_reg  |   32|   0|   32|          0|
    |pes_local_cycle_count_load_3_reg_3448                |   32|   0|   32|          0|
    |pes_local_cycle_count_load_3_reg_3448_pp0_iter1_reg  |   32|   0|   32|          0|
    |pes_local_cycle_count_load_4_reg_3461                |   32|   0|   32|          0|
    |pes_local_cycle_count_load_4_reg_3461_pp0_iter1_reg  |   32|   0|   32|          0|
    |pes_local_cycle_count_load_5_reg_3475                |   32|   0|   32|          0|
    |pes_local_cycle_count_load_5_reg_3475_pp0_iter1_reg  |   32|   0|   32|          0|
    |pes_local_cycle_count_load_6_reg_3489                |   32|   0|   32|          0|
    |pes_local_cycle_count_load_6_reg_3489_pp0_iter1_reg  |   32|   0|   32|          0|
    |pes_local_cycle_count_load_7_reg_3498                |   32|   0|   32|          0|
    |pes_local_cycle_count_load_7_reg_3498_pp0_iter1_reg  |   32|   0|   32|          0|
    |pes_local_cycle_count_load_8_reg_3507                |   32|   0|   32|          0|
    |pes_local_cycle_count_load_8_reg_3507_pp0_iter1_reg  |   32|   0|   32|          0|
    |pes_local_cycle_count_load_reg_3407                  |   32|   0|   32|          0|
    |pes_local_cycle_count_load_reg_3407_pp0_iter1_reg    |   32|   0|   32|          0|
    |pes_psum_buffer_internal_load_11_reg_3991            |   32|   0|   32|          0|
    |pes_psum_buffer_internal_load_13_reg_3996            |   32|   0|   32|          0|
    |pes_psum_buffer_internal_load_15_reg_4016            |   32|   0|   32|          0|
    |pes_psum_buffer_internal_load_17_reg_4021            |   32|   0|   32|          0|
    |pes_psum_buffer_internal_load_1_reg_3901             |   32|   0|   32|          0|
    |pes_psum_buffer_internal_load_5_reg_3931             |   32|   0|   32|          0|
    |pes_psum_buffer_internal_load_7_reg_3961             |   32|   0|   32|          0|
    |pes_psum_buffer_internal_load_9_reg_3966             |   32|   0|   32|          0|
    |pes_psum_count_load_11_reg_4077                      |   32|   0|   32|          0|
    |pes_psum_count_load_15_reg_4104                      |   32|   0|   32|          0|
    |pes_psum_count_load_5_reg_4036                       |   32|   0|   32|          0|
    |pes_psum_count_load_7_reg_4043                       |   32|   0|   32|          0|
    |pes_psum_count_load_9_reg_4070                       |   32|   0|   32|          0|
    |psum0_reg_3971                                       |   32|   0|   32|          0|
    |psum1_reg_3976                                       |   32|   0|   32|          0|
    |psum2_reg_3981                                       |   32|   0|   32|          0|
    |reg_828                                              |   32|   0|   32|          0|
    |reg_833                                              |   32|   0|   32|          0|
    |reg_837                                              |   32|   0|   32|          0|
    |tmp_10_reg_4146                                      |   32|   0|   32|          0|
    |tmp_11_reg_4156                                      |   32|   0|   32|          0|
    |tmp_12_reg_4161                                      |   32|   0|   32|          0|
    |tmp_13_reg_4171                                      |   32|   0|   32|          0|
    |tmp_14_reg_4176                                      |   32|   0|   32|          0|
    |tmp_15_reg_4186                                      |   32|   0|   32|          0|
    |tmp_16_reg_4191                                      |   32|   0|   32|          0|
    |tmp_1_reg_4065                                       |   32|   0|   32|          0|
    |tmp_2_reg_4094                                       |   32|   0|   32|          0|
    |tmp_31_reg_3911                                      |   32|   0|   32|          0|
    |tmp_32_reg_3941                                      |   32|   0|   32|          0|
    |tmp_34_reg_3916                                      |   32|   0|   32|          0|
    |tmp_35_reg_3946                                      |   32|   0|   32|          0|
    |tmp_37_reg_3921                                      |   32|   0|   32|          0|
    |tmp_38_reg_3951                                      |   32|   0|   32|          0|
    |tmp_39_reg_3886                                      |   32|   0|   32|          0|
    |tmp_3_reg_4099                                       |   32|   0|   32|          0|
    |tmp_40_reg_3891                                      |   32|   0|   32|          0|
    |tmp_41_reg_3896                                      |   32|   0|   32|          0|
    |tmp_4_reg_4121                                       |   32|   0|   32|          0|
    |tmp_5_reg_4126                                       |   32|   0|   32|          0|
    |tmp_6_reg_4006                                       |   32|   0|   32|          0|
    |tmp_7_reg_4141                                       |   32|   0|   32|          0|
    |tmp_8_reg_4026                                       |   32|   0|   32|          0|
    |tmp_9_reg_4031                                       |   32|   0|   32|          0|
    |tmp_reg_4001                                         |   32|   0|   32|          0|
    |tmp_s_reg_4060                                       |   32|   0|   32|          0|
    |trunc_ln168_1_reg_3428                               |    2|   0|    2|          0|
    |trunc_ln168_1_reg_3428_pp0_iter1_reg                 |    2|   0|    2|          0|
    |trunc_ln168_2_reg_3442                               |    2|   0|    2|          0|
    |trunc_ln168_2_reg_3442_pp0_iter1_reg                 |    2|   0|    2|          0|
    |trunc_ln168_3_reg_3456                               |    2|   0|    2|          0|
    |trunc_ln168_3_reg_3456_pp0_iter1_reg                 |    2|   0|    2|          0|
    |trunc_ln168_4_reg_3469                               |    2|   0|    2|          0|
    |trunc_ln168_4_reg_3469_pp0_iter1_reg                 |    2|   0|    2|          0|
    |trunc_ln168_5_reg_3483                               |    2|   0|    2|          0|
    |trunc_ln168_5_reg_3483_pp0_iter1_reg                 |    2|   0|    2|          0|
    |trunc_ln168_reg_3415                                 |    2|   0|    2|          0|
    |trunc_ln168_reg_3415_pp0_iter1_reg                   |    2|   0|    2|          0|
    |trunc_ln279_1_reg_3679                               |    2|   0|    2|          0|
    |trunc_ln279_2_reg_3700                               |    2|   0|    2|          0|
    |trunc_ln279_reg_3781                                 |    2|   0|    2|          0|
    +-----------------------------------------------------+-----+----+-----+-----------+
    |Total                                                | 5905|   0| 5905|          0|
    +-----------------------------------------------------+-----+----+-----+-----------+



================================================================
== Interface
================================================================
* Summary: 
+-----------------------+-----+-----+------------+--------------+--------------+
|       RTL Ports       | Dir | Bits|  Protocol  | Source Object|    C Type    |
+-----------------------+-----+-----+------------+--------------+--------------+
|s_axi_control_AWVALID  |   in|    1|       s_axi|       control|        scalar|
|s_axi_control_AWREADY  |  out|    1|       s_axi|       control|        scalar|
|s_axi_control_AWADDR   |   in|    6|       s_axi|       control|        scalar|
|s_axi_control_WVALID   |   in|    1|       s_axi|       control|        scalar|
|s_axi_control_WREADY   |  out|    1|       s_axi|       control|        scalar|
|s_axi_control_WDATA    |   in|   32|       s_axi|       control|        scalar|
|s_axi_control_WSTRB    |   in|    4|       s_axi|       control|        scalar|
|s_axi_control_ARVALID  |   in|    1|       s_axi|       control|        scalar|
|s_axi_control_ARREADY  |  out|    1|       s_axi|       control|        scalar|
|s_axi_control_ARADDR   |   in|    6|       s_axi|       control|        scalar|
|s_axi_control_RVALID   |  out|    1|       s_axi|       control|        scalar|
|s_axi_control_RREADY   |   in|    1|       s_axi|       control|        scalar|
|s_axi_control_RDATA    |  out|   32|       s_axi|       control|        scalar|
|s_axi_control_RRESP    |  out|    2|       s_axi|       control|        scalar|
|s_axi_control_BVALID   |  out|    1|       s_axi|       control|        scalar|
|s_axi_control_BREADY   |   in|    1|       s_axi|       control|        scalar|
|s_axi_control_BRESP    |  out|    2|       s_axi|       control|        scalar|
|ap_clk                 |   in|    1|  ap_ctrl_hs|   convolution|  return value|
|ap_rst_n               |   in|    1|  ap_ctrl_hs|   convolution|  return value|
|interrupt              |  out|    1|  ap_ctrl_hs|   convolution|  return value|
|m_axi_ifm_AWVALID      |  out|    1|       m_axi|           ifm|       pointer|
|m_axi_ifm_AWREADY      |   in|    1|       m_axi|           ifm|       pointer|
|m_axi_ifm_AWADDR       |  out|   64|       m_axi|           ifm|       pointer|
|m_axi_ifm_AWID         |  out|    1|       m_axi|           ifm|       pointer|
|m_axi_ifm_AWLEN        |  out|    8|       m_axi|           ifm|       pointer|
|m_axi_ifm_AWSIZE       |  out|    3|       m_axi|           ifm|       pointer|
|m_axi_ifm_AWBURST      |  out|    2|       m_axi|           ifm|       pointer|
|m_axi_ifm_AWLOCK       |  out|    2|       m_axi|           ifm|       pointer|
|m_axi_ifm_AWCACHE      |  out|    4|       m_axi|           ifm|       pointer|
|m_axi_ifm_AWPROT       |  out|    3|       m_axi|           ifm|       pointer|
|m_axi_ifm_AWQOS        |  out|    4|       m_axi|           ifm|       pointer|
|m_axi_ifm_AWREGION     |  out|    4|       m_axi|           ifm|       pointer|
|m_axi_ifm_AWUSER       |  out|    1|       m_axi|           ifm|       pointer|
|m_axi_ifm_WVALID       |  out|    1|       m_axi|           ifm|       pointer|
|m_axi_ifm_WREADY       |   in|    1|       m_axi|           ifm|       pointer|
|m_axi_ifm_WDATA        |  out|   32|       m_axi|           ifm|       pointer|
|m_axi_ifm_WSTRB        |  out|    4|       m_axi|           ifm|       pointer|
|m_axi_ifm_WLAST        |  out|    1|       m_axi|           ifm|       pointer|
|m_axi_ifm_WID          |  out|    1|       m_axi|           ifm|       pointer|
|m_axi_ifm_WUSER        |  out|    1|       m_axi|           ifm|       pointer|
|m_axi_ifm_ARVALID      |  out|    1|       m_axi|           ifm|       pointer|
|m_axi_ifm_ARREADY      |   in|    1|       m_axi|           ifm|       pointer|
|m_axi_ifm_ARADDR       |  out|   64|       m_axi|           ifm|       pointer|
|m_axi_ifm_ARID         |  out|    1|       m_axi|           ifm|       pointer|
|m_axi_ifm_ARLEN        |  out|    8|       m_axi|           ifm|       pointer|
|m_axi_ifm_ARSIZE       |  out|    3|       m_axi|           ifm|       pointer|
|m_axi_ifm_ARBURST      |  out|    2|       m_axi|           ifm|       pointer|
|m_axi_ifm_ARLOCK       |  out|    2|       m_axi|           ifm|       pointer|
|m_axi_ifm_ARCACHE      |  out|    4|       m_axi|           ifm|       pointer|
|m_axi_ifm_ARPROT       |  out|    3|       m_axi|           ifm|       pointer|
|m_axi_ifm_ARQOS        |  out|    4|       m_axi|           ifm|       pointer|
|m_axi_ifm_ARREGION     |  out|    4|       m_axi|           ifm|       pointer|
|m_axi_ifm_ARUSER       |  out|    1|       m_axi|           ifm|       pointer|
|m_axi_ifm_RVALID       |   in|    1|       m_axi|           ifm|       pointer|
|m_axi_ifm_RREADY       |  out|    1|       m_axi|           ifm|       pointer|
|m_axi_ifm_RDATA        |   in|   32|       m_axi|           ifm|       pointer|
|m_axi_ifm_RLAST        |   in|    1|       m_axi|           ifm|       pointer|
|m_axi_ifm_RID          |   in|    1|       m_axi|           ifm|       pointer|
|m_axi_ifm_RUSER        |   in|    1|       m_axi|           ifm|       pointer|
|m_axi_ifm_RRESP        |   in|    2|       m_axi|           ifm|       pointer|
|m_axi_ifm_BVALID       |   in|    1|       m_axi|           ifm|       pointer|
|m_axi_ifm_BREADY       |  out|    1|       m_axi|           ifm|       pointer|
|m_axi_ifm_BRESP        |   in|    2|       m_axi|           ifm|       pointer|
|m_axi_ifm_BID          |   in|    1|       m_axi|           ifm|       pointer|
|m_axi_ifm_BUSER        |   in|    1|       m_axi|           ifm|       pointer|
+-----------------------+-----+-----+------------+--------------+--------------+

